// Vitest Snapshot v1, https://vitest.dev/guide/snapshot.html

exports[`Header > matches the snapshot taken 1`] = `
<div>
  <header>
    <h1>
      SwiftCart Provisions Express
    </h1>
    <nav>
      <a
        href="/"
      >
        Home
      </a>
      <a
        href="/shop"
      >
        Shop
      </a>
    </nav>
  </header>
</div>
`;
